// Jest Snapshot v1, https://goo.gl/fbAQLP

exports[`Renders Correctly 1`] = `
<nav
  className="navbar navbar-expand navbar-dark bg-dark"
>
  <span
    className="navbar-brand"
  >
    Bohe
  </span>
  <div
    className="mr-auto navbar-nav"
    onKeyDown={[Function]}
  >
    <a
      className="nav-link"
      data-rb-event-key={null}
      href="#"
      onClick={[Function]}
      onKeyDown={[Function]}
      role="tab"
      tabIndex={-1}
    >
      Home
    </a>
    <a
      className="nav-link"
      data-rb-event-key={null}
      href="#"
      onClick={[Function]}
      onKeyDown={[Function]}
      role="tab"
      tabIndex={-1}
    >
      Cards
    </a>
    <a
      className="nav-link"
      data-rb-event-key={null}
      href="#"
      onClick={[Function]}
      onKeyDown={[Function]}
      role="tab"
      tabIndex={-1}
    >
      Charges
    </a>
    <a
      className="nav-link"
      data-rb-event-key={null}
      href="#"
      onClick={[Function]}
      onKeyDown={[Function]}
      role="tab"
      tabIndex={-1}
    >
      Subscriptions
    </a>
    <a
      className="nav-link"
      data-rb-event-key={null}
      href="#"
      onClick={[Function]}
      onKeyDown={[Function]}
      role="tab"
      tabIndex={-1}
    >
      Invoices
    </a>
    <a
      className="nav-link"
      data-rb-event-key={null}
      href="#"
      onClick={[Function]}
      onKeyDown={[Function]}
      role="tab"
      tabIndex={-1}
    >
      Log Out
    </a>
  </div>
</nav>
`;
